// Jest Snapshot v1, https://goo.gl/fbAQLP

exports[`BusinessOne component should match snapshot 1`] = `
<Route
  render={[Function]}
/>
`;
