// Jest Snapshot v1, https://goo.gl/fbAQLP

exports[`BusinessRegister component should match snapshot 1`] = `
<Route
  render={[Function]}
/>
`;
