// Jest Snapshot v1, https://goo.gl/fbAQLP

exports[`FooterBar component should match snapshot 1`] = `
<div
  className="footerBar"
>
  <hr />
  <div
    className="row"
  >
    <div
      className="col-xl-12"
    >
      <ul
        className="nav nav-pills nav-justified"
      >
        <li
          className="nav-item"
        >
          <a
            className="nav-link"
            style={
              Object {
                "color": "#17a2b8",
              }
            }
          >
            Â© 2018 WeConnect.
          </a>
        </li>
        <li
          className="nav-item"
        >
          <a
            className="nav-link"
            style={
              Object {
                "color": "#17a2b8",
              }
            }
          >
            Terms of Service
          </a>
        </li>
        <li
          className="nav-item"
        >
          <a
            className="nav-link"
            style={
              Object {
                "color": "#17a2b8",
              }
            }
          >
            Privacy Policy
          </a>
        </li>
      </ul>
      <br />
    </div>
  </div>
</div>
`;
